------------------------------------------------------------
Timing Analyzer Summary
------------------------------------------------------------

Type  : Slow 1200mV 85C Model Setup 'clk'
Slack : 17.996
TNS   : 0.000

Type  : Slow 1200mV 85C Model Hold 'clk'
Slack : 0.349
TNS   : 0.000

Type  : Slow 1200mV 85C Model Recovery 'clk'
Slack : 18.227
TNS   : 0.000

Type  : Slow 1200mV 85C Model Removal 'clk'
Slack : 1.386
TNS   : 0.000

Type  : Slow 1200mV 85C Model Minimum Pulse Width 'clk'
Slack : 9.686
TNS   : 0.000

Type  : Slow 1200mV 0C Model Setup 'clk'
Slack : 18.174
TNS   : 0.000

Type  : Slow 1200mV 0C Model Hold 'clk'
Slack : 0.312
TNS   : 0.000

Type  : Slow 1200mV 0C Model Recovery 'clk'
Slack : 18.348
TNS   : 0.000

Type  : Slow 1200mV 0C Model Removal 'clk'
Slack : 1.241
TNS   : 0.000

Type  : Slow 1200mV 0C Model Minimum Pulse Width 'clk'
Slack : 9.711
TNS   : 0.000

Type  : Fast 1200mV 0C Model Setup 'clk'
Slack : 19.146
TNS   : 0.000

Type  : Fast 1200mV 0C Model Hold 'clk'
Slack : 0.153
TNS   : 0.000

Type  : Fast 1200mV 0C Model Recovery 'clk'
Slack : 19.181
TNS   : 0.000

Type  : Fast 1200mV 0C Model Removal 'clk'
Slack : 0.583
TNS   : 0.000

Type  : Fast 1200mV 0C Model Minimum Pulse Width 'clk'
Slack : 9.465
TNS   : 0.000

------------------------------------------------------------
